[INFO] Scanning for projects...
[INFO] 
[INFO] ------------------< com.realestate:admin-management >-------------------
[INFO] Building Real Estate Admin Management 1.0-SNAPSHOT
[INFO]   from pom.xml
[INFO] --------------------------------[ war ]---------------------------------
[INFO] 
[INFO] --- clean:3.2.0:clean (default-clean) @ admin-management ---
[INFO] Deleting C:\Users\dheer\Documents\New folder\AdminManagement\target
[INFO] ------------------------------------------------------------------------
[INFO] BUILD FAILURE
[INFO] ------------------------------------------------------------------------
[INFO] Total time:  1.509 s
[INFO] Finished at: 2026-04-04T09:45:21+05:30
[INFO] ------------------------------------------------------------------------
[ERROR] Failed to execute goal org.apache.maven.plugins:maven-clean-plugin:3.2.0:clean (default-clean) on project admin-management: Failed to clean project: Failed to delete C:\Users\dheer\Documents\New folder\AdminManagement\target\extracts\apache-tomcat-10.1.18\apache-tomcat-10.1.18\lib\websocket-client-api.jar -> [Help 1]
[ERROR] 
[ERROR] To see the full stack trace of the errors, re-run Maven with the -e switch.
[ERROR] Re-run Maven using the -X switch to enable full debug logging.
[ERROR] 
[ERROR] For more information about the errors and possible solutions, please read the following articles:
[ERROR] [Help 1] http://cwiki.apache.org/confluence/display/MAVEN/MojoExecutionException
